Component: ARM Compiler 5.06 update 7 (build 960) Tool: armlink [4d3601]

==============================================================================

Section Cross References

    main.o(.text) refers to ch438_driver.o(.text) for CH438_ResetSeril
    main.o(.text) refers to debug.o(.text) for DEBUG_Config
    main.o(.text) refers to multi_add.o(.text) for CH438PortConfig
    main.o(.text) refers to stm32f10x_iwdg.o(.text) for IWDG_ReloadCounter
    main.o(.text) refers to printf8.o(i.__0printf$8) for __2printf
    main.o(.text) refers to main.o(.data) for Get_EXTI
    system_stm32f10x.o(.text) refers to system_stm32f10x.o(.data) for SystemCoreClock
    stm32f10x_it.o(.text) refers to stm32f10x_exti.o(.text) for EXTI_GetITStatus
    stm32f10x_it.o(.text) refers to ch438_driver.o(.text) for CH438InterruptFun
    stm32f10x_it.o(.text) refers to stm32f10x_dma.o(.text) for DMA_GetITStatus
    stm32f10x_it.o(.text) refers to main.o(.data) for dma_end
    debug.o(.text) refers to stm32f10x_rcc.o(.text) for RCC_AHBPeriphClockCmd
    debug.o(.text) refers to stm32f10x_dma.o(.text) for DMA_DeInit
    debug.o(.text) refers to stm32f10x_usart.o(.text) for USART_DMACmd
    debug.o(.text) refers to misc.o(.text) for NVIC_SetVectorTable
    debug.o(.text) refers to stm32f10x_gpio.o(.text) for GPIO_Init
    debug.o(.text) refers to ch438_driver.o(.text) for CH438_SendDatas
    debug.o(.text) refers to stm32f10x_tim.o(.text) for TIM_Cmd
    debug.o(.text) refers to printf8.o(i.__0printf$8) for __2printf
    debug.o(.text) refers to memcpya.o(.text) for __aeabi_memcpy
    debug.o(.text) refers to debug.o(.bss) for DMA_DATA_BUF
    debug.o(.text) refers to debug.o(.data) for USART_RX_STA
    ch438_driver.o(.text) refers to multi_add.o(.text) for CH438ReadReg
    ch438_driver.o(.text) refers to printf8.o(i.__0printf$8) for __2printf
    ch438_driver.o(.text) refers to stm32f10x_tim.o(.text) for TIM_Cmd
    ch438_driver.o(.text) refers to debug.o(.text) for DMA_USART_Send
    ch438_driver.o(.text) refers to ch438_driver.o(.constdata) for offsetadd
    ch438_driver.o(.text) refers to ch438_driver.o(.data) for RevLen
    ch438_driver.o(.text) refers to ch438_driver.o(.bss) for Revbuff
    ch438_driver.o(.text) refers to debug.o(.data) for time_stop
    ch438_driver.o(.text) refers to main.o(.data) for Get_EXTI
    multi_add.o(.text) refers to stm32f10x_iwdg.o(.text) for IWDG_WriteAccessCmd
    multi_add.o(.text) refers to misc.o(.text) for NVIC_SetVectorTable
    multi_add.o(.text) refers to stm32f10x_rcc.o(.text) for RCC_APB2PeriphClockCmd
    multi_add.o(.text) refers to stm32f10x_gpio.o(.text) for GPIO_Init
    multi_add.o(.text) refers to stm32f10x_exti.o(.text) for EXTI_Init
    multi_add.o(.text) refers to stm32f10x_tim.o(.text) for TIM_TimeBaseInit
    stm32f10x_usart.o(.text) refers to stm32f10x_rcc.o(.text) for RCC_APB2PeriphResetCmd
    stm32f10x_gpio.o(.text) refers to stm32f10x_rcc.o(.text) for RCC_APB2PeriphResetCmd
    stm32f10x_rcc.o(.text) refers to stm32f10x_rcc.o(.data) for APBAHBPrescTable
    stm32f10x_tim.o(.text) refers to stm32f10x_rcc.o(.text) for RCC_APB2PeriphResetCmd
    startup_stm32f10x_md.o(RESET) refers to startup_stm32f10x_md.o(STACK) for __initial_sp
    startup_stm32f10x_md.o(RESET) refers to startup_stm32f10x_md.o(.text) for Reset_Handler
    startup_stm32f10x_md.o(RESET) refers to stm32f10x_it.o(.text) for NMI_Handler
    startup_stm32f10x_md.o(RESET) refers to ch438_driver.o(.text) for TIM2_IRQHandler
    startup_stm32f10x_md.o(RESET) refers to debug.o(.text) for USART1_IRQHandler
    startup_stm32f10x_md.o(.text) refers to system_stm32f10x.o(.text) for SystemInit
    startup_stm32f10x_md.o(.text) refers to entry.o(.ARM.Collect$$$$00000000) for __main
    entry.o(.ARM.Collect$$$$00000000) refers (Special) to entry10a.o(.ARM.Collect$$$$0000000F) for __rt_final_cpp
    entry.o(.ARM.Collect$$$$00000000) refers (Special) to entry11a.o(.ARM.Collect$$$$00000011) for __rt_final_exit
    entry.o(.ARM.Collect$$$$00000000) refers (Special) to entry12b.o(.ARM.Collect$$$$0000000E) for __rt_lib_shutdown_fini
    entry.o(.ARM.Collect$$$$00000000) refers (Special) to entry7b.o(.ARM.Collect$$$$00000008) for _main_clock
    entry.o(.ARM.Collect$$$$00000000) refers (Special) to entry8b.o(.ARM.Collect$$$$0000000A) for _main_cpp_init
    entry.o(.ARM.Collect$$$$00000000) refers (Special) to entry9a.o(.ARM.Collect$$$$0000000B) for _main_init
    entry.o(.ARM.Collect$$$$00000000) refers (Special) to entry5.o(.ARM.Collect$$$$00000004) for _main_scatterload
    entry.o(.ARM.Collect$$$$00000000) refers (Special) to entry2.o(.ARM.Collect$$$$00000001) for _main_stk
    printfb.o(i.__0fprintf$bare) refers to printfb.o(i._printf_core) for _printf_core
    printfb.o(i.__0fprintf$bare) refers to debug.o(.text) for fputc
    printfb.o(i.__0printf$bare) refers to printfb.o(i._printf_core) for _printf_core
    printfb.o(i.__0printf$bare) refers to debug.o(.text) for fputc
    printfb.o(i.__0printf$bare) refers to stdout.o(.data) for __stdout
    printfb.o(i.__0snprintf$bare) refers to printfb.o(i._printf_core) for _printf_core
    printfb.o(i.__0snprintf$bare) refers to printfb.o(i._snputc) for _snputc
    printfb.o(i.__0sprintf$bare) refers to printfb.o(i._printf_core) for _printf_core
    printfb.o(i.__0sprintf$bare) refers to printfb.o(i._sputc) for _sputc
    printfb.o(i.__0vfprintf$bare) refers to printfb.o(i._printf_core) for _printf_core
    printfb.o(i.__0vfprintf$bare) refers to debug.o(.text) for fputc
    printfb.o(i.__0vprintf$bare) refers to printfb.o(i._printf_core) for _printf_core
    printfb.o(i.__0vprintf$bare) refers to debug.o(.text) for fputc
    printfb.o(i.__0vprintf$bare) refers to stdout.o(.data) for __stdout
    printfb.o(i.__0vsnprintf$bare) refers to printfb.o(i._printf_core) for _printf_core
    printfb.o(i.__0vsnprintf$bare) refers to printfb.o(i._snputc) for _snputc
    printfb.o(i.__0vsprintf$bare) refers to printfb.o(i._printf_core) for _printf_core
    printfb.o(i.__0vsprintf$bare) refers to printfb.o(i._sputc) for _sputc
    printf0.o(i.__0fprintf$0) refers to printf0.o(i._printf_core) for _printf_core
    printf0.o(i.__0fprintf$0) refers to debug.o(.text) for fputc
    printf0.o(i.__0printf$0) refers to printf0.o(i._printf_core) for _printf_core
    printf0.o(i.__0printf$0) refers to debug.o(.text) for fputc
    printf0.o(i.__0printf$0) refers to stdout.o(.data) for __stdout
    printf0.o(i.__0snprintf$0) refers to printf0.o(i._printf_core) for _printf_core
    printf0.o(i.__0snprintf$0) refers to printf0.o(i._snputc) for _snputc
    printf0.o(i.__0sprintf$0) refers to printf0.o(i._printf_core) for _printf_core
    printf0.o(i.__0sprintf$0) refers to printf0.o(i._sputc) for _sputc
    printf0.o(i.__0vfprintf$0) refers to printf0.o(i._printf_core) for _printf_core
    printf0.o(i.__0vfprintf$0) refers to debug.o(.text) for fputc
    printf0.o(i.__0vprintf$0) refers to printf0.o(i._printf_core) for _printf_core
    printf0.o(i.__0vprintf$0) refers to debug.o(.text) for fputc
    printf0.o(i.__0vprintf$0) refers to stdout.o(.data) for __stdout
    printf0.o(i.__0vsnprintf$0) refers to printf0.o(i._printf_core) for _printf_core
    printf0.o(i.__0vsnprintf$0) refers to printf0.o(i._snputc) for _snputc
    printf0.o(i.__0vsprintf$0) refers to printf0.o(i._printf_core) for _printf_core
    printf0.o(i.__0vsprintf$0) refers to printf0.o(i._sputc) for _sputc
    printf1.o(i.__0fprintf$1) refers to printf1.o(i._printf_core) for _printf_core
    printf1.o(i.__0fprintf$1) refers to debug.o(.text) for fputc
    printf1.o(i.__0printf$1) refers to printf1.o(i._printf_core) for _printf_core
    printf1.o(i.__0printf$1) refers to debug.o(.text) for fputc
    printf1.o(i.__0printf$1) refers to stdout.o(.data) for __stdout
    printf1.o(i.__0snprintf$1) refers to printf1.o(i._printf_core) for _printf_core
    printf1.o(i.__0snprintf$1) refers to printf1.o(i._snputc) for _snputc
    printf1.o(i.__0sprintf$1) refers to printf1.o(i._printf_core) for _printf_core
    printf1.o(i.__0sprintf$1) refers to printf1.o(i._sputc) for _sputc
    printf1.o(i.__0vfprintf$1) refers to printf1.o(i._printf_core) for _printf_core
    printf1.o(i.__0vfprintf$1) refers to debug.o(.text) for fputc
    printf1.o(i.__0vprintf$1) refers to printf1.o(i._printf_core) for _printf_core
    printf1.o(i.__0vprintf$1) refers to debug.o(.text) for fputc
    printf1.o(i.__0vprintf$1) refers to stdout.o(.data) for __stdout
    printf1.o(i.__0vsnprintf$1) refers to printf1.o(i._printf_core) for _printf_core
    printf1.o(i.__0vsnprintf$1) refers to printf1.o(i._snputc) for _snputc
    printf1.o(i.__0vsprintf$1) refers to printf1.o(i._printf_core) for _printf_core
    printf1.o(i.__0vsprintf$1) refers to printf1.o(i._sputc) for _sputc
    printf1.o(i._printf_core) refers to uidiv.o(.text) for __aeabi_uidivmod
    printf2.o(i.__0fprintf$2) refers to printf2.o(i._printf_core) for _printf_core
    printf2.o(i.__0fprintf$2) refers to debug.o(.text) for fputc
    printf2.o(i.__0printf$2) refers to printf2.o(i._printf_core) for _printf_core
    printf2.o(i.__0printf$2) refers to debug.o(.text) for fputc
    printf2.o(i.__0printf$2) refers to stdout.o(.data) for __stdout
    printf2.o(i.__0snprintf$2) refers to printf2.o(i._printf_core) for _printf_core
    printf2.o(i.__0snprintf$2) refers to printf2.o(i._snputc) for _snputc
    printf2.o(i.__0sprintf$2) refers to printf2.o(i._printf_core) for _printf_core
    printf2.o(i.__0sprintf$2) refers to printf2.o(i._sputc) for _sputc
    printf2.o(i.__0vfprintf$2) refers to printf2.o(i._printf_core) for _printf_core
    printf2.o(i.__0vfprintf$2) refers to debug.o(.text) for fputc
    printf2.o(i.__0vprintf$2) refers to printf2.o(i._printf_core) for _printf_core
    printf2.o(i.__0vprintf$2) refers to debug.o(.text) for fputc
    printf2.o(i.__0vprintf$2) refers to stdout.o(.data) for __stdout
    printf2.o(i.__0vsnprintf$2) refers to printf2.o(i._printf_core) for _printf_core
    printf2.o(i.__0vsnprintf$2) refers to printf2.o(i._snputc) for _snputc
    printf2.o(i.__0vsprintf$2) refers to printf2.o(i._printf_core) for _printf_core
    printf2.o(i.__0vsprintf$2) refers to printf2.o(i._sputc) for _sputc
    printf3.o(i.__0fprintf$3) refers to printf3.o(i._printf_core) for _printf_core
    printf3.o(i.__0fprintf$3) refers to debug.o(.text) for fputc
    printf3.o(i.__0printf$3) refers to printf3.o(i._printf_core) for _printf_core
    printf3.o(i.__0printf$3) refers to debug.o(.text) for fputc
    printf3.o(i.__0printf$3) refers to stdout.o(.data) for __stdout
    printf3.o(i.__0snprintf$3) refers to printf3.o(i._printf_core) for _printf_core
    printf3.o(i.__0snprintf$3) refers to printf3.o(i._snputc) for _snputc
    printf3.o(i.__0sprintf$3) refers to printf3.o(i._printf_core) for _printf_core
    printf3.o(i.__0sprintf$3) refers to printf3.o(i._sputc) for _sputc
    printf3.o(i.__0vfprintf$3) refers to printf3.o(i._printf_core) for _printf_core
    printf3.o(i.__0vfprintf$3) refers to debug.o(.text) for fputc
    printf3.o(i.__0vprintf$3) refers to printf3.o(i._printf_core) for _printf_core
    printf3.o(i.__0vprintf$3) refers to debug.o(.text) for fputc
    printf3.o(i.__0vprintf$3) refers to stdout.o(.data) for __stdout
    printf3.o(i.__0vsnprintf$3) refers to printf3.o(i._printf_core) for _printf_core
    printf3.o(i.__0vsnprintf$3) refers to printf3.o(i._snputc) for _snputc
    printf3.o(i.__0vsprintf$3) refers to printf3.o(i._printf_core) for _printf_core
    printf3.o(i.__0vsprintf$3) refers to printf3.o(i._sputc) for _sputc
    printf3.o(i._printf_core) refers to uidiv.o(.text) for __aeabi_uidivmod
    printf4.o(i.__0fprintf$4) refers to printf4.o(i._printf_core) for _printf_core
    printf4.o(i.__0fprintf$4) refers to debug.o(.text) for fputc
    printf4.o(i.__0printf$4) refers to printf4.o(i._printf_core) for _printf_core
    printf4.o(i.__0printf$4) refers to debug.o(.text) for fputc
    printf4.o(i.__0printf$4) refers to stdout.o(.data) for __stdout
    printf4.o(i.__0snprintf$4) refers to printf4.o(i._printf_core) for _printf_core
    printf4.o(i.__0snprintf$4) refers to printf4.o(i._snputc) for _snputc
    printf4.o(i.__0sprintf$4) refers to printf4.o(i._printf_core) for _printf_core
    printf4.o(i.__0sprintf$4) refers to printf4.o(i._sputc) for _sputc
    printf4.o(i.__0vfprintf$4) refers to printf4.o(i._printf_core) for _printf_core
    printf4.o(i.__0vfprintf$4) refers to debug.o(.text) for fputc
    printf4.o(i.__0vprintf$4) refers to printf4.o(i._printf_core) for _printf_core
    printf4.o(i.__0vprintf$4) refers to debug.o(.text) for fputc
    printf4.o(i.__0vprintf$4) refers to stdout.o(.data) for __stdout
    printf4.o(i.__0vsnprintf$4) refers to printf4.o(i._printf_core) for _printf_core
    printf4.o(i.__0vsnprintf$4) refers to printf4.o(i._snputc) for _snputc
    printf4.o(i.__0vsprintf$4) refers to printf4.o(i._printf_core) for _printf_core
    printf4.o(i.__0vsprintf$4) refers to printf4.o(i._sputc) for _sputc
    printf4.o(i._printf_core) refers to uldiv.o(.text) for __aeabi_uldivmod
    printf5.o(i.__0fprintf$5) refers to printf5.o(i._printf_core) for _printf_core
    printf5.o(i.__0fprintf$5) refers to debug.o(.text) for fputc
    printf5.o(i.__0printf$5) refers to printf5.o(i._printf_core) for _printf_core
    printf5.o(i.__0printf$5) refers to debug.o(.text) for fputc
    printf5.o(i.__0printf$5) refers to stdout.o(.data) for __stdout
    printf5.o(i.__0snprintf$5) refers to printf5.o(i._printf_core) for _printf_core
    printf5.o(i.__0snprintf$5) refers to printf5.o(i._snputc) for _snputc
    printf5.o(i.__0sprintf$5) refers to printf5.o(i._printf_core) for _printf_core
    printf5.o(i.__0sprintf$5) refers to printf5.o(i._sputc) for _sputc
    printf5.o(i.__0vfprintf$5) refers to printf5.o(i._printf_core) for _printf_core
    printf5.o(i.__0vfprintf$5) refers to debug.o(.text) for fputc
    printf5.o(i.__0vprintf$5) refers to printf5.o(i._printf_core) for _printf_core
    printf5.o(i.__0vprintf$5) refers to debug.o(.text) for fputc
    printf5.o(i.__0vprintf$5) refers to stdout.o(.data) for __stdout
    printf5.o(i.__0vsnprintf$5) refers to printf5.o(i._printf_core) for _printf_core
    printf5.o(i.__0vsnprintf$5) refers to printf5.o(i._snputc) for _snputc
    printf5.o(i.__0vsprintf$5) refers to printf5.o(i._printf_core) for _printf_core
    printf5.o(i.__0vsprintf$5) refers to printf5.o(i._sputc) for _sputc
    printf5.o(i._printf_core) refers to uldiv.o(.text) for __aeabi_uldivmod
    printf6.o(i.__0fprintf$6) refers to printf6.o(i._printf_core) for _printf_core
    printf6.o(i.__0fprintf$6) refers to debug.o(.text) for fputc
    printf6.o(i.__0printf$6) refers to printf6.o(i._printf_core) for _printf_core
    printf6.o(i.__0printf$6) refers to debug.o(.text) for fputc
    printf6.o(i.__0printf$6) refers to stdout.o(.data) for __stdout
    printf6.o(i.__0snprintf$6) refers to printf6.o(i._printf_core) for _printf_core
    printf6.o(i.__0snprintf$6) refers to printf6.o(i._snputc) for _snputc
    printf6.o(i.__0sprintf$6) refers to printf6.o(i._printf_core) for _printf_core
    printf6.o(i.__0sprintf$6) refers to printf6.o(i._sputc) for _sputc
    printf6.o(i.__0vfprintf$6) refers to printf6.o(i._printf_core) for _printf_core
    printf6.o(i.__0vfprintf$6) refers to debug.o(.text) for fputc
    printf6.o(i.__0vprintf$6) refers to printf6.o(i._printf_core) for _printf_core
    printf6.o(i.__0vprintf$6) refers to debug.o(.text) for fputc
    printf6.o(i.__0vprintf$6) refers to stdout.o(.data) for __stdout
    printf6.o(i.__0vsnprintf$6) refers to printf6.o(i._printf_core) for _printf_core
    printf6.o(i.__0vsnprintf$6) refers to printf6.o(i._snputc) for _snputc
    printf6.o(i.__0vsprintf$6) refers to printf6.o(i._printf_core) for _printf_core
    printf6.o(i.__0vsprintf$6) refers to printf6.o(i._sputc) for _sputc
    printf6.o(i._printf_core) refers to printf6.o(i._printf_pre_padding) for _printf_pre_padding
    printf6.o(i._printf_core) refers to uidiv.o(.text) for __aeabi_uidivmod
    printf6.o(i._printf_core) refers to printf6.o(i._printf_post_padding) for _printf_post_padding
    printf7.o(i.__0fprintf$7) refers to printf7.o(i._printf_core) for _printf_core
    printf7.o(i.__0fprintf$7) refers to debug.o(.text) for fputc
    printf7.o(i.__0printf$7) refers to printf7.o(i._printf_core) for _printf_core
    printf7.o(i.__0printf$7) refers to debug.o(.text) for fputc
    printf7.o(i.__0printf$7) refers to stdout.o(.data) for __stdout
    printf7.o(i.__0snprintf$7) refers to printf7.o(i._printf_core) for _printf_core
    printf7.o(i.__0snprintf$7) refers to printf7.o(i._snputc) for _snputc
    printf7.o(i.__0sprintf$7) refers to printf7.o(i._printf_core) for _printf_core
    printf7.o(i.__0sprintf$7) refers to printf7.o(i._sputc) for _sputc
    printf7.o(i.__0vfprintf$7) refers to printf7.o(i._printf_core) for _printf_core
    printf7.o(i.__0vfprintf$7) refers to debug.o(.text) for fputc
    printf7.o(i.__0vprintf$7) refers to printf7.o(i._printf_core) for _printf_core
    printf7.o(i.__0vprintf$7) refers to debug.o(.text) for fputc
    printf7.o(i.__0vprintf$7) refers to stdout.o(.data) for __stdout
    printf7.o(i.__0vsnprintf$7) refers to printf7.o(i._printf_core) for _printf_core
    printf7.o(i.__0vsnprintf$7) refers to printf7.o(i._snputc) for _snputc
    printf7.o(i.__0vsprintf$7) refers to printf7.o(i._printf_core) for _printf_core
    printf7.o(i.__0vsprintf$7) refers to printf7.o(i._sputc) for _sputc
    printf7.o(i._printf_core) refers to printf7.o(i._printf_pre_padding) for _printf_pre_padding
    printf7.o(i._printf_core) refers to uldiv.o(.text) for __aeabi_uldivmod
    printf7.o(i._printf_core) refers to printf7.o(i._printf_post_padding) for _printf_post_padding
    printf8.o(i.__0fprintf$8) refers to printf8.o(i._printf_core) for _printf_core
    printf8.o(i.__0fprintf$8) refers to debug.o(.text) for fputc
    printf8.o(i.__0printf$8) refers to printf8.o(i._printf_core) for _printf_core
    printf8.o(i.__0printf$8) refers to debug.o(.text) for fputc
    printf8.o(i.__0printf$8) refers to stdout.o(.data) for __stdout
    printf8.o(i.__0snprintf$8) refers to printf8.o(i._printf_core) for _printf_core
    printf8.o(i.__0snprintf$8) refers to printf8.o(i._snputc) for _snputc
    printf8.o(i.__0sprintf$8) refers to printf8.o(i._printf_core) for _printf_core
    printf8.o(i.__0sprintf$8) refers to printf8.o(i._sputc) for _sputc
    printf8.o(i.__0vfprintf$8) refers to printf8.o(i._printf_core) for _printf_core
    printf8.o(i.__0vfprintf$8) refers to debug.o(.text) for fputc
    printf8.o(i.__0vprintf$8) refers to printf8.o(i._printf_core) for _printf_core
    printf8.o(i.__0vprintf$8) refers to debug.o(.text) for fputc
    printf8.o(i.__0vprintf$8) refers to stdout.o(.data) for __stdout
    printf8.o(i.__0vsnprintf$8) refers to printf8.o(i._printf_core) for _printf_core
    printf8.o(i.__0vsnprintf$8) refers to printf8.o(i._snputc) for _snputc
    printf8.o(i.__0vsprintf$8) refers to printf8.o(i._printf_core) for _printf_core
    printf8.o(i.__0vsprintf$8) refers to printf8.o(i._sputc) for _sputc
    printf8.o(i._printf_core) refers to printf8.o(i._printf_pre_padding) for _printf_pre_padding
    printf8.o(i._printf_core) refers to uldiv.o(.text) for __aeabi_uldivmod
    printf8.o(i._printf_core) refers to printf8.o(i._printf_post_padding) for _printf_post_padding
    printfa.o(i.__0fprintf) refers (Special) to iusefp.o(.text) for __I$use$fp
    printfa.o(i.__0fprintf) refers to printfa.o(i._printf_core) for _printf_core
    printfa.o(i.__0fprintf) refers to debug.o(.text) for fputc
    printfa.o(i.__0printf) refers (Special) to iusefp.o(.text) for __I$use$fp
    printfa.o(i.__0printf) refers to printfa.o(i._printf_core) for _printf_core
    printfa.o(i.__0printf) refers to debug.o(.text) for fputc
    printfa.o(i.__0printf) refers to stdout.o(.data) for __stdout
    printfa.o(i.__0snprintf) refers (Special) to iusefp.o(.text) for __I$use$fp
    printfa.o(i.__0snprintf) refers to printfa.o(i._printf_core) for _printf_core
    printfa.o(i.__0snprintf) refers to printfa.o(i._snputc) for _snputc
    printfa.o(i.__0sprintf) refers (Special) to iusefp.o(.text) for __I$use$fp
    printfa.o(i.__0sprintf) refers to printfa.o(i._printf_core) for _printf_core
    printfa.o(i.__0sprintf) refers to printfa.o(i._sputc) for _sputc
    printfa.o(i.__0vfprintf) refers (Special) to iusefp.o(.text) for __I$use$fp
    printfa.o(i.__0vfprintf) refers to printfa.o(i._printf_core) for _printf_core
    printfa.o(i.__0vfprintf) refers to debug.o(.text) for fputc
    printfa.o(i.__0vprintf) refers (Special) to iusefp.o(.text) for __I$use$fp
    printfa.o(i.__0vprintf) refers to printfa.o(i._printf_core) for _printf_core
    printfa.o(i.__0vprintf) refers to debug.o(.text) for fputc
    printfa.o(i.__0vprintf) refers to stdout.o(.data) for __stdout
    printfa.o(i.__0vsnprintf) refers (Special) to iusefp.o(.text) for __I$use$fp
    printfa.o(i.__0vsnprintf) refers to printfa.o(i._printf_core) for _printf_core
    printfa.o(i.__0vsnprintf) refers to printfa.o(i._snputc) for _snputc
    printfa.o(i.__0vsprintf) refers (Special) to iusefp.o(.text) for __I$use$fp
    printfa.o(i.__0vsprintf) refers to printfa.o(i._printf_core) for _printf_core
    printfa.o(i.__0vsprintf) refers to printfa.o(i._sputc) for _sputc
    printfa.o(i._fp_digits) refers (Special) to iusefp.o(.text) for __I$use$fp
    printfa.o(i._fp_digits) refers to dmul.o(.text) for __aeabi_dmul
    printfa.o(i._fp_digits) refers to ddiv.o(.text) for __aeabi_ddiv
    printfa.o(i._fp_digits) refers to cdrcmple.o(.text) for __aeabi_cdrcmple
    printfa.o(i._fp_digits) refers to dadd.o(.text) for __aeabi_dadd
    printfa.o(i._fp_digits) refers to dfixul.o(.text) for __aeabi_d2ulz
    printfa.o(i._fp_digits) refers to uldiv.o(.text) for __aeabi_uldivmod
    printfa.o(i._printf_core) refers (Special) to iusefp.o(.text) for __I$use$fp
    printfa.o(i._printf_core) refers to printfa.o(i._printf_pre_padding) for _printf_pre_padding
    printfa.o(i._printf_core) refers to uldiv.o(.text) for __aeabi_uldivmod
    printfa.o(i._printf_core) refers to printfa.o(i._printf_post_padding) for _printf_post_padding
    printfa.o(i._printf_core) refers to printfa.o(i._fp_digits) for _fp_digits
    printfa.o(i._printf_core) refers to uidiv.o(.text) for __aeabi_uidivmod
    printfa.o(i._printf_post_padding) refers (Special) to iusefp.o(.text) for __I$use$fp
    printfa.o(i._printf_pre_padding) refers (Special) to iusefp.o(.text) for __I$use$fp
    printfa.o(i._snputc) refers (Special) to iusefp.o(.text) for __I$use$fp
    printfa.o(i._sputc) refers (Special) to iusefp.o(.text) for __I$use$fp
    entry2.o(.ARM.Collect$$$$00000001) refers to entry2.o(.ARM.Collect$$$$00002712) for __lit__00000000
    entry2.o(.ARM.Collect$$$$00002712) refers to startup_stm32f10x_md.o(STACK) for __initial_sp
    entry2.o(__vectab_stack_and_reset_area) refers to startup_stm32f10x_md.o(STACK) for __initial_sp
    entry2.o(__vectab_stack_and_reset_area) refers to entry.o(.ARM.Collect$$$$00000000) for __main
    entry5.o(.ARM.Collect$$$$00000004) refers to init.o(.text) for __scatterload
    entry9a.o(.ARM.Collect$$$$0000000B) refers to main.o(.text) for main
    entry9b.o(.ARM.Collect$$$$0000000C) refers to main.o(.text) for main
    uldiv.o(.text) refers to llushr.o(.text) for __aeabi_llsr
    uldiv.o(.text) refers to llshl.o(.text) for __aeabi_llsl
    dadd.o(.text) refers to llshl.o(.text) for __aeabi_llsl
    dadd.o(.text) refers to llsshr.o(.text) for __aeabi_lasr
    dadd.o(.text) refers to depilogue.o(.text) for _double_epilogue
    dmul.o(.text) refers to depilogue.o(.text) for _double_epilogue
    ddiv.o(.text) refers to depilogue.o(.text) for _double_round
    dfixul.o(.text) refers to llushr.o(.text) for __aeabi_llsr
    dfixul.o(.text) refers to llshl.o(.text) for __aeabi_llsl
    init.o(.text) refers to entry5.o(.ARM.Collect$$$$00000004) for __main_after_scatterload
    depilogue.o(.text) refers to llshl.o(.text) for __aeabi_llsl
    depilogue.o(.text) refers to llushr.o(.text) for __aeabi_llsr


==============================================================================

Removing Unused input sections from the image.

    Removing core_cm3.o(.emb_text), (32 bytes).
    Removing startup_stm32f10x_md.o(HEAP), (512 bytes).
    Removing dadd.o(.text), (334 bytes).
    Removing dmul.o(.text), (228 bytes).
    Removing ddiv.o(.text), (222 bytes).
    Removing dfixul.o(.text), (48 bytes).
    Removing cdrcmple.o(.text), (48 bytes).
    Removing depilogue.o(.text), (186 bytes).

8 unused section(s) (total 1610 bytes) removed from the image.

==============================================================================

Image Symbol Table

    Local Symbols

    Symbol Name                              Value     Ov Type        Size  Object(Section)

    ../clib/../cmprslib/zerorunl2.c          0x00000000   Number         0  __dczerorl2.o ABSOLUTE
    ../clib/microlib/division.c              0x00000000   Number         0  uldiv.o ABSOLUTE
    ../clib/microlib/division.c              0x00000000   Number         0  uidiv.o ABSOLUTE
    ../clib/microlib/init/entry.s            0x00000000   Number         0  entry.o ABSOLUTE
    ../clib/microlib/init/entry.s            0x00000000   Number         0  entry9b.o ABSOLUTE
    ../clib/microlib/init/entry.s            0x00000000   Number         0  entry10a.o ABSOLUTE
    ../clib/microlib/init/entry.s            0x00000000   Number         0  entry11a.o ABSOLUTE
    ../clib/microlib/init/entry.s            0x00000000   Number         0  entry9a.o ABSOLUTE
    ../clib/microlib/init/entry.s            0x00000000   Number         0  entry10b.o ABSOLUTE
    ../clib/microlib/init/entry.s            0x00000000   Number         0  entry12b.o ABSOLUTE
    ../clib/microlib/init/entry.s            0x00000000   Number         0  entry12a.o ABSOLUTE
    ../clib/microlib/init/entry.s            0x00000000   Number         0  entry11b.o ABSOLUTE
    ../clib/microlib/init/entry.s            0x00000000   Number         0  entry2.o ABSOLUTE
    ../clib/microlib/init/entry.s            0x00000000   Number         0  entry5.o ABSOLUTE
    ../clib/microlib/init/entry.s            0x00000000   Number         0  entry7a.o ABSOLUTE
    ../clib/microlib/init/entry.s            0x00000000   Number         0  entry7b.o ABSOLUTE
    ../clib/microlib/init/entry.s            0x00000000   Number         0  entry8a.o ABSOLUTE
    ../clib/microlib/init/entry.s            0x00000000   Number         0  entry8b.o ABSOLUTE
    ../clib/microlib/longlong.c              0x00000000   Number         0  llushr.o ABSOLUTE
    ../clib/microlib/longlong.c              0x00000000   Number         0  llsshr.o ABSOLUTE
    ../clib/microlib/longlong.c              0x00000000   Number         0  llshl.o ABSOLUTE
    ../clib/microlib/printf/printf.c         0x00000000   Number         0  printf1.o ABSOLUTE
    ../clib/microlib/printf/printf.c         0x00000000   Number         0  printf8.o ABSOLUTE
    ../clib/microlib/printf/printf.c         0x00000000   Number         0  printf7.o ABSOLUTE
    ../clib/microlib/printf/printf.c         0x00000000   Number         0  printfb.o ABSOLUTE
    ../clib/microlib/printf/printf.c         0x00000000   Number         0  printf0.o ABSOLUTE
    ../clib/microlib/printf/printf.c         0x00000000   Number         0  printf6.o ABSOLUTE
    ../clib/microlib/printf/printf.c         0x00000000   Number         0  printf5.o ABSOLUTE
    ../clib/microlib/printf/printf.c         0x00000000   Number         0  printf4.o ABSOLUTE
    ../clib/microlib/printf/printf.c         0x00000000   Number         0  printf3.o ABSOLUTE
    ../clib/microlib/printf/printf.c         0x00000000   Number         0  printf2.o ABSOLUTE
    ../clib/microlib/printf/printf.c         0x00000000   Number         0  printfa.o ABSOLUTE
    ../clib/microlib/printf/stubs.s          0x00000000   Number         0  stubs.o ABSOLUTE
    ../clib/microlib/stdio/streams.c         0x00000000   Number         0  stdout.o ABSOLUTE
    ../clib/microlib/string/memcpy.c         0x00000000   Number         0  memcpya.o ABSOLUTE
    ../clib/microlib/string/memcpy.c         0x00000000   Number         0  memcpyb.o ABSOLUTE
    ../clib/microlib/stubs.s                 0x00000000   Number         0  iusefp.o ABSOLUTE
    ../fplib/microlib/fpadd.c                0x00000000   Number         0  dadd.o ABSOLUTE
    ../fplib/microlib/fpdiv.c                0x00000000   Number         0  ddiv.o ABSOLUTE
    ../fplib/microlib/fpepilogue.c           0x00000000   Number         0  depilogue.o ABSOLUTE
    ../fplib/microlib/fpfix.c                0x00000000   Number         0  dfixul.o ABSOLUTE
    ../fplib/microlib/fpmul.c                0x00000000   Number         0  dmul.o ABSOLUTE
    Libraries\CMSIS\CM3\CoreSupport\core_cm3.c 0x00000000   Number         0  core_cm3.o ABSOLUTE
    Libraries\CMSIS\CM3\DeviceSupport\ST\STM32F10x\startup\arm\startup_stm32f10x_md.s 0x00000000   Number         0  startup_stm32f10x_md.o ABSOLUTE
    Libraries\CMSIS\CM3\DeviceSupport\ST\STM32F10x\system_stm32f10x.c 0x00000000   Number         0  system_stm32f10x.o ABSOLUTE
    Libraries\STM32F10x_StdPeriph_Driver\src\misc.c 0x00000000   Number         0  misc.o ABSOLUTE
    Libraries\STM32F10x_StdPeriph_Driver\src\stm32f10x_dma.c 0x00000000   Number         0  stm32f10x_dma.o ABSOLUTE
    Libraries\STM32F10x_StdPeriph_Driver\src\stm32f10x_exti.c 0x00000000   Number         0  stm32f10x_exti.o ABSOLUTE
    Libraries\STM32F10x_StdPeriph_Driver\src\stm32f10x_gpio.c 0x00000000   Number         0  stm32f10x_gpio.o ABSOLUTE
    Libraries\STM32F10x_StdPeriph_Driver\src\stm32f10x_it.c 0x00000000   Number         0  stm32f10x_it.o ABSOLUTE
    Libraries\STM32F10x_StdPeriph_Driver\src\stm32f10x_iwdg.c 0x00000000   Number         0  stm32f10x_iwdg.o ABSOLUTE
    Libraries\STM32F10x_StdPeriph_Driver\src\stm32f10x_rcc.c 0x00000000   Number         0  stm32f10x_rcc.o ABSOLUTE
    Libraries\STM32F10x_StdPeriph_Driver\src\stm32f10x_tim.c 0x00000000   Number         0  stm32f10x_tim.o ABSOLUTE
    Libraries\STM32F10x_StdPeriph_Driver\src\stm32f10x_usart.c 0x00000000   Number         0  stm32f10x_usart.o ABSOLUTE
    Libraries\\CMSIS\\CM3\\CoreSupport\\core_cm3.c 0x00000000   Number         0  core_cm3.o ABSOLUTE
    cdrcmple.s                               0x00000000   Number         0  cdrcmple.o ABSOLUTE
    dc.s                                     0x00000000   Number         0  dc.o ABSOLUTE
    handlers.s                               0x00000000   Number         0  handlers.o ABSOLUTE
    init.s                                   0x00000000   Number         0  init.o ABSOLUTE
    src\CH438_driver.c                       0x00000000   Number         0  ch438_driver.o ABSOLUTE
    src\debug.c                              0x00000000   Number         0  debug.o ABSOLUTE
    src\main.c                               0x00000000   Number         0  main.o ABSOLUTE
    src\multi_add.c                          0x00000000   Number         0  multi_add.o ABSOLUTE
    RESET                                    0x08000000   Section      236  startup_stm32f10x_md.o(RESET)
    .ARM.Collect$$$$00000000                 0x080000ec   Section        0  entry.o(.ARM.Collect$$$$00000000)
    .ARM.Collect$$$$00000001                 0x080000ec   Section        4  entry2.o(.ARM.Collect$$$$00000001)
    .ARM.Collect$$$$00000004                 0x080000f0   Section        4  entry5.o(.ARM.Collect$$$$00000004)
    .ARM.Collect$$$$00000008                 0x080000f4   Section        0  entry7b.o(.ARM.Collect$$$$00000008)
    .ARM.Collect$$$$0000000A                 0x080000f4   Section        0  entry8b.o(.ARM.Collect$$$$0000000A)
    .ARM.Collect$$$$0000000B                 0x080000f4   Section        8  entry9a.o(.ARM.Collect$$$$0000000B)
    .ARM.Collect$$$$0000000E                 0x080000fc   Section        4  entry12b.o(.ARM.Collect$$$$0000000E)
    .ARM.Collect$$$$0000000F                 0x08000100   Section        0  entry10a.o(.ARM.Collect$$$$0000000F)
    .ARM.Collect$$$$00000011                 0x08000100   Section        0  entry11a.o(.ARM.Collect$$$$00000011)
    .ARM.Collect$$$$00002712                 0x08000100   Section        4  entry2.o(.ARM.Collect$$$$00002712)
    __lit__00000000                          0x08000100   Data           4  entry2.o(.ARM.Collect$$$$00002712)
    .text                                    0x08000104   Section        0  main.o(.text)
    .text                                    0x08000200   Section        0  system_stm32f10x.o(.text)
    SetSysClockTo72                          0x08000201   Thumb Code   214  system_stm32f10x.o(.text)
    SetSysClock                              0x080002d7   Thumb Code     8  system_stm32f10x.o(.text)
    .text                                    0x080003e0   Section        0  stm32f10x_it.o(.text)
    .text                                    0x08000444   Section        0  debug.o(.text)
    USART_TX_DMA_Config                      0x08000445   Thumb Code   102  debug.o(.text)
    D_NVIC_Config                            0x080004ab   Thumb Code    78  debug.o(.text)
    D_UART_Config                            0x080004f9   Thumb Code    78  debug.o(.text)
    D_GPIO_Config                            0x08000547   Thumb Code    62  debug.o(.text)
    .text                                    0x08000894   Section        0  ch438_driver.o(.text)
    CH438_TranConfig                         0x080008e5   Thumb Code    34  ch438_driver.o(.text)
    CH438_SetBandrate                        0x08000907   Thumb Code    98  ch438_driver.o(.text)
    .text                                    0x08000de4   Section        0  multi_add.o(.text)
    stm32_IWDG_Init                          0x08000de5   Thumb Code    34  multi_add.o(.text)
    stm32_NVIC_Config                        0x08000e07   Thumb Code    52  multi_add.o(.text)
    stm32_GPIO_Config                        0x08000e3b   Thumb Code   126  multi_add.o(.text)
    SetOupputMode                            0x08000ec9   Thumb Code    30  multi_add.o(.text)
    SetInputMode                             0x08000f69   Thumb Code    30  multi_add.o(.text)
    .text                                    0x08001074   Section        0  stm32f10x_usart.o(.text)
    .text                                    0x0800147c   Section        0  misc.o(.text)
    .text                                    0x08001558   Section        0  stm32f10x_gpio.o(.text)
    .text                                    0x080018b4   Section        0  stm32f10x_rcc.o(.text)
    .text                                    0x08001c58   Section        0  stm32f10x_exti.o(.text)
    .text                                    0x08001d74   Section        0  stm32f10x_tim.o(.text)
    TI4_Config                               0x0800221b   Thumb Code   130  stm32f10x_tim.o(.text)
    TI3_Config                               0x080022af   Thumb Code   122  stm32f10x_tim.o(.text)
    TI2_Config                               0x08002343   Thumb Code   130  stm32f10x_tim.o(.text)
    TI1_Config                               0x080023d7   Thumb Code   108  stm32f10x_tim.o(.text)
    .text                                    0x08002b90   Section        0  stm32f10x_iwdg.o(.text)
    .text                                    0x08002bd0   Section        0  stm32f10x_dma.o(.text)
    .text                                    0x08002e24   Section       36  startup_stm32f10x_md.o(.text)
    .text                                    0x08002e48   Section        0  memcpya.o(.text)
    .text                                    0x08002e6c   Section        0  uldiv.o(.text)
    .text                                    0x08002ed0   Section       36  init.o(.text)
    .text                                    0x08002ef4   Section        0  llshl.o(.text)
    .text                                    0x08002f12   Section        0  llushr.o(.text)
    .text                                    0x08002f32   Section        0  __dczerorl2.o(.text)
    i.__0printf$8                            0x08002f88   Section        0  printf8.o(i.__0printf$8)
    i.__scatterload_copy                     0x08002fa8   Section       14  handlers.o(i.__scatterload_copy)
    i.__scatterload_null                     0x08002fb6   Section        2  handlers.o(i.__scatterload_null)
    i.__scatterload_zeroinit                 0x08002fb8   Section       14  handlers.o(i.__scatterload_zeroinit)
    i._printf_core                           0x08002fc8   Section        0  printf8.o(i._printf_core)
    _printf_core                             0x08002fc9   Thumb Code   984  printf8.o(i._printf_core)
    i._printf_post_padding                   0x080033cc   Section        0  printf8.o(i._printf_post_padding)
    _printf_post_padding                     0x080033cd   Thumb Code    36  printf8.o(i._printf_post_padding)
    i._printf_pre_padding                    0x080033f0   Section        0  printf8.o(i._printf_pre_padding)
    _printf_pre_padding                      0x080033f1   Thumb Code    46  printf8.o(i._printf_pre_padding)
    .constdata                               0x0800341e   Section       16  ch438_driver.o(.constdata)
    .data                                    0x20000000   Section       31  main.o(.data)
    .data                                    0x20000020   Section       20  system_stm32f10x.o(.data)
    .data                                    0x20000034   Section      219  debug.o(.data)
    .data                                    0x2000010f   Section       22  ch438_driver.o(.data)
    .data                                    0x20000125   Section       20  stm32f10x_rcc.o(.data)
    APBAHBPrescTable                         0x20000125   Data          16  stm32f10x_rcc.o(.data)
    ADCPrescTable                            0x20000135   Data           4  stm32f10x_rcc.o(.data)
    .data                                    0x2000013c   Section        4  stdout.o(.data)
    .bss                                     0x20000140   Section      640  debug.o(.bss)
    .bss                                     0x200003c0   Section      256  ch438_driver.o(.bss)
    STACK                                    0x200004c0   Section     1024  startup_stm32f10x_md.o(STACK)

    Global Symbols

    Symbol Name                              Value     Ov Type        Size  Object(Section)

    BuildAttributes$$THM_ISAv4$P$D$K$B$S$PE$A:L22UL41UL21$X:L11$S22US41US21$IEEE1$IW$USESV6$~STKCKD$USESV7$~SHL$OSPACE$ROPI$EBA8$MICROLIB$REQ8$PRES8$EABIv2 0x00000000   Number         0  anon$$obj.o ABSOLUTE
    __ARM_use_no_argv                        0x00000000   Number         0  main.o ABSOLUTE
    _printf_a                                0x00000000   Number         0  stubs.o ABSOLUTE
    _printf_c                                0x00000000   Number         0  stubs.o ABSOLUTE
    _printf_charcount                        0x00000000   Number         0  stubs.o ABSOLUTE
    _printf_d                                0x00000000   Number         0  stubs.o ABSOLUTE
    _printf_e                                0x00000000   Number         0  stubs.o ABSOLUTE
    _printf_f                                0x00000000   Number         0  stubs.o ABSOLUTE
    _printf_flags                            0x00000000   Number         0  stubs.o ABSOLUTE
    _printf_fp_dec                           0x00000000   Number         0  stubs.o ABSOLUTE
    _printf_fp_hex                           0x00000000   Number         0  stubs.o ABSOLUTE
    _printf_g                                0x00000000   Number         0  stubs.o ABSOLUTE
    _printf_i                                0x00000000   Number         0  stubs.o ABSOLUTE
    _printf_int_dec                          0x00000000   Number         0  stubs.o ABSOLUTE
    _printf_l                                0x00000000   Number         0  stubs.o ABSOLUTE
    _printf_lc                               0x00000000   Number         0  stubs.o ABSOLUTE
    _printf_ll                               0x00000000   Number         0  stubs.o ABSOLUTE
    _printf_lld                              0x00000000   Number         0  stubs.o ABSOLUTE
    _printf_lli                              0x00000000   Number         0  stubs.o ABSOLUTE
    _printf_llo                              0x00000000   Number         0  stubs.o ABSOLUTE
    _printf_llu                              0x00000000   Number         0  stubs.o ABSOLUTE
    _printf_llx                              0x00000000   Number         0  stubs.o ABSOLUTE
    _printf_longlong_dec                     0x00000000   Number         0  stubs.o ABSOLUTE
    _printf_longlong_hex                     0x00000000   Number         0  stubs.o ABSOLUTE
    _printf_longlong_oct                     0x00000000   Number         0  stubs.o ABSOLUTE
    _printf_ls                               0x00000000   Number         0  stubs.o ABSOLUTE
    _printf_mbtowc                           0x00000000   Number         0  stubs.o ABSOLUTE
    _printf_n                                0x00000000   Number         0  stubs.o ABSOLUTE
    _printf_o                                0x00000000   Number         0  stubs.o ABSOLUTE
    _printf_p                                0x00000000   Number         0  stubs.o ABSOLUTE
    _printf_percent                          0x00000000   Number         0  stubs.o ABSOLUTE
    _printf_pre_padding                      0x00000000   Number         0  stubs.o ABSOLUTE
    _printf_return_value                     0x00000000   Number         0  stubs.o ABSOLUTE
    _printf_s                                0x00000000   Number         0  stubs.o ABSOLUTE
    _printf_sizespec                         0x00000000   Number         0  stubs.o ABSOLUTE
    _printf_str                              0x00000000   Number         0  stubs.o ABSOLUTE
    _printf_truncate_signed                  0x00000000   Number         0  stubs.o ABSOLUTE
    _printf_truncate_unsigned                0x00000000   Number         0  stubs.o ABSOLUTE
    _printf_u                                0x00000000   Number         0  stubs.o ABSOLUTE
    _printf_wc                               0x00000000   Number         0  stubs.o ABSOLUTE
    _printf_wctomb                           0x00000000   Number         0  stubs.o ABSOLUTE
    _printf_widthprec                        0x00000000   Number         0  stubs.o ABSOLUTE
    _printf_x                                0x00000000   Number         0  stubs.o ABSOLUTE
    __arm_fini_                               - Undefined Weak Reference
    __cpp_initialize__aeabi_                  - Undefined Weak Reference
    __cxa_finalize                            - Undefined Weak Reference
    _clock_init                               - Undefined Weak Reference
    _microlib_exit                            - Undefined Weak Reference
    __Vectors_Size                           0x000000ec   Number         0  startup_stm32f10x_md.o ABSOLUTE
    __Vectors                                0x08000000   Data           4  startup_stm32f10x_md.o(RESET)
    __Vectors_End                            0x080000ec   Data           0  startup_stm32f10x_md.o(RESET)
    __main                                   0x080000ed   Thumb Code     0  entry.o(.ARM.Collect$$$$00000000)
    _main_stk                                0x080000ed   Thumb Code     0  entry2.o(.ARM.Collect$$$$00000001)
    _main_scatterload                        0x080000f1   Thumb Code     0  entry5.o(.ARM.Collect$$$$00000004)
    __main_after_scatterload                 0x080000f5   Thumb Code     0  entry5.o(.ARM.Collect$$$$00000004)
    _main_clock                              0x080000f5   Thumb Code     0  entry7b.o(.ARM.Collect$$$$00000008)
    _main_cpp_init                           0x080000f5   Thumb Code     0  entry8b.o(.ARM.Collect$$$$0000000A)
    _main_init                               0x080000f5   Thumb Code     0  entry9a.o(.ARM.Collect$$$$0000000B)
    __rt_lib_shutdown_fini                   0x080000fd   Thumb Code     0  entry12b.o(.ARM.Collect$$$$0000000E)
    __rt_final_cpp                           0x08000101   Thumb Code     0  entry10a.o(.ARM.Collect$$$$0000000F)
    __rt_final_exit                          0x08000101   Thumb Code     0  entry11a.o(.ARM.Collect$$$$00000011)
    CH438_INIT                               0x08000105   Thumb Code   154  main.o(.text)
    main                                     0x0800019f   Thumb Code    76  main.o(.text)
    SystemInit                               0x080002df   Thumb Code    78  system_stm32f10x.o(.text)
    SystemCoreClockUpdate                    0x0800032d   Thumb Code   142  system_stm32f10x.o(.text)
    NMI_Handler                              0x080003e1   Thumb Code     2  stm32f10x_it.o(.text)
    HardFault_Handler                        0x080003e3   Thumb Code     4  stm32f10x_it.o(.text)
    MemManage_Handler                        0x080003e7   Thumb Code     4  stm32f10x_it.o(.text)
    BusFault_Handler                         0x080003eb   Thumb Code     4  stm32f10x_it.o(.text)
    UsageFault_Handler                       0x080003ef   Thumb Code     4  stm32f10x_it.o(.text)
    SVC_Handler                              0x080003f3   Thumb Code     2  stm32f10x_it.o(.text)
    DebugMon_Handler                         0x080003f5   Thumb Code     2  stm32f10x_it.o(.text)
    PendSV_Handler                           0x080003f7   Thumb Code     2  stm32f10x_it.o(.text)
    SysTick_Handler                          0x080003f9   Thumb Code     2  stm32f10x_it.o(.text)
    EXTI4_IRQHandler                         0x080003fb   Thumb Code    22  stm32f10x_it.o(.text)
    DMA1_Channel4_IRQHandler                 0x08000411   Thumb Code    44  stm32f10x_it.o(.text)
    DEBUG_Config                             0x08000585   Thumb Code    20  debug.o(.text)
    send_test                                0x08000599   Thumb Code    48  debug.o(.text)
    Forward_CH438                            0x080005c9   Thumb Code   310  debug.o(.text)
    USART1_IRQHandler                        0x080006ff   Thumb Code   224  debug.o(.text)
    fputc                                    0x080007df   Thumb Code    36  debug.o(.text)
    DMA_USART_Send                           0x08000803   Thumb Code   146  debug.o(.text)
    CH438_CheckIIR                           0x08000895   Thumb Code    22  ch438_driver.o(.text)
    CH438_CloseSeril                         0x080008ab   Thumb Code    20  ch438_driver.o(.text)
    CH438_CloseALLSeril                      0x080008bf   Thumb Code    18  ch438_driver.o(.text)
    CH438_ResetSeril                         0x080008d1   Thumb Code    20  ch438_driver.o(.text)
    CH438_UARTInit                           0x08000969   Thumb Code    72  ch438_driver.o(.text)
    CH438_SendDatas                          0x080009b1   Thumb Code    32  ch438_driver.o(.text)
    CH438_RecvDatas                          0x080009d1   Thumb Code    78  ch438_driver.o(.text)
    CH438_INTConfig                          0x08000a1f   Thumb Code    34  ch438_driver.o(.text)
    CH438_INTDisableAll                      0x08000a41   Thumb Code    30  ch438_driver.o(.text)
    CH438_AutoHFCtrl                         0x08000a5f   Thumb Code    20  ch438_driver.o(.text)
    DELAY                                    0x08000a73   Thumb Code    32  ch438_driver.o(.text)
    CH438_RegTEST                            0x08000a93   Thumb Code   184  ch438_driver.o(.text)
    SetSerial                                0x08000b4b   Thumb Code    18  ch438_driver.o(.text)
    Load_data                                0x08000b5d   Thumb Code   128  ch438_driver.o(.text)
    Send2PC                                  0x08000bdd   Thumb Code   112  ch438_driver.o(.text)
    CH438InterruptFun                        0x08000c4d   Thumb Code   372  ch438_driver.o(.text)
    TIM2_IRQHandler                          0x08000dc1   Thumb Code    12  ch438_driver.o(.text)
    CH438PortConfig                          0x08000eb9   Thumb Code    16  multi_add.o(.text)
    CH438WriteReg                            0x08000ee7   Thumb Code   130  multi_add.o(.text)
    CH438ReadReg                             0x08000f87   Thumb Code   122  multi_add.o(.text)
    stm32_XINT_Config                        0x08001001   Thumb Code    54  multi_add.o(.text)
    stm32_TIM2_Config                        0x08001037   Thumb Code    56  multi_add.o(.text)
    USART_DeInit                             0x08001075   Thumb Code   134  stm32f10x_usart.o(.text)
    USART_Init                               0x080010fb   Thumb Code   210  stm32f10x_usart.o(.text)
    USART_StructInit                         0x080011cd   Thumb Code    24  stm32f10x_usart.o(.text)
    USART_ClockInit                          0x080011e5   Thumb Code    34  stm32f10x_usart.o(.text)
    USART_ClockStructInit                    0x08001207   Thumb Code    12  stm32f10x_usart.o(.text)
    USART_Cmd                                0x08001213   Thumb Code    24  stm32f10x_usart.o(.text)
    USART_ITConfig                           0x0800122b   Thumb Code    74  stm32f10x_usart.o(.text)
    USART_DMACmd                             0x08001275   Thumb Code    18  stm32f10x_usart.o(.text)
    USART_SetAddress                         0x08001287   Thumb Code    18  stm32f10x_usart.o(.text)
    USART_WakeUpConfig                       0x08001299   Thumb Code    18  stm32f10x_usart.o(.text)
    USART_ReceiverWakeUpCmd                  0x080012ab   Thumb Code    24  stm32f10x_usart.o(.text)
    USART_LINBreakDetectLengthConfig         0x080012c3   Thumb Code    18  stm32f10x_usart.o(.text)
    USART_LINCmd                             0x080012d5   Thumb Code    24  stm32f10x_usart.o(.text)
    USART_SendData                           0x080012ed   Thumb Code     8  stm32f10x_usart.o(.text)
    USART_ReceiveData                        0x080012f5   Thumb Code    10  stm32f10x_usart.o(.text)
    USART_SendBreak                          0x080012ff   Thumb Code    10  stm32f10x_usart.o(.text)
    USART_SetGuardTime                       0x08001309   Thumb Code    16  stm32f10x_usart.o(.text)
    USART_SetPrescaler                       0x08001319   Thumb Code    16  stm32f10x_usart.o(.text)
    USART_SmartCardCmd                       0x08001329   Thumb Code    24  stm32f10x_usart.o(.text)
    USART_SmartCardNACKCmd                   0x08001341   Thumb Code    24  stm32f10x_usart.o(.text)
    USART_HalfDuplexCmd                      0x08001359   Thumb Code    24  stm32f10x_usart.o(.text)
    USART_OverSampling8Cmd                   0x08001371   Thumb Code    22  stm32f10x_usart.o(.text)
    USART_OneBitMethodCmd                    0x08001387   Thumb Code    24  stm32f10x_usart.o(.text)
    USART_IrDAConfig                         0x0800139f   Thumb Code    18  stm32f10x_usart.o(.text)
    USART_IrDACmd                            0x080013b1   Thumb Code    24  stm32f10x_usart.o(.text)
    USART_GetFlagStatus                      0x080013c9   Thumb Code    26  stm32f10x_usart.o(.text)
    USART_ClearFlag                          0x080013e3   Thumb Code    18  stm32f10x_usart.o(.text)
    USART_GetITStatus                        0x080013f5   Thumb Code    84  stm32f10x_usart.o(.text)
    USART_ClearITPendingBit                  0x08001449   Thumb Code    52  stm32f10x_usart.o(.text)
    NVIC_PriorityGroupConfig                 0x0800147d   Thumb Code    10  misc.o(.text)
    NVIC_Init                                0x08001487   Thumb Code   100  misc.o(.text)
    NVIC_SetVectorTable                      0x080014eb   Thumb Code    14  misc.o(.text)
    NVIC_SystemLPConfig                      0x080014f9   Thumb Code    34  misc.o(.text)
    SysTick_CLKSourceConfig                  0x0800151b   Thumb Code    40  misc.o(.text)
    GPIO_DeInit                              0x08001559   Thumb Code   172  stm32f10x_gpio.o(.text)
    GPIO_AFIODeInit                          0x08001605   Thumb Code    20  stm32f10x_gpio.o(.text)
    GPIO_Init                                0x08001619   Thumb Code   278  stm32f10x_gpio.o(.text)
    GPIO_StructInit                          0x0800172f   Thumb Code    16  stm32f10x_gpio.o(.text)
    GPIO_ReadInputDataBit                    0x0800173f   Thumb Code    18  stm32f10x_gpio.o(.text)
    GPIO_ReadInputData                       0x08001751   Thumb Code     8  stm32f10x_gpio.o(.text)
    GPIO_ReadOutputDataBit                   0x08001759   Thumb Code    18  stm32f10x_gpio.o(.text)
    GPIO_ReadOutputData                      0x0800176b   Thumb Code     8  stm32f10x_gpio.o(.text)
    GPIO_SetBits                             0x08001773   Thumb Code     4  stm32f10x_gpio.o(.text)
    GPIO_ResetBits                           0x08001777   Thumb Code     4  stm32f10x_gpio.o(.text)
    GPIO_WriteBit                            0x0800177b   Thumb Code    10  stm32f10x_gpio.o(.text)
    GPIO_Write                               0x08001785   Thumb Code     4  stm32f10x_gpio.o(.text)
    GPIO_PinLockConfig                       0x08001789   Thumb Code    18  stm32f10x_gpio.o(.text)
    GPIO_EventOutputConfig                   0x0800179b   Thumb Code    26  stm32f10x_gpio.o(.text)
    GPIO_EventOutputCmd                      0x080017b5   Thumb Code     6  stm32f10x_gpio.o(.text)
    GPIO_PinRemapConfig                      0x080017bb   Thumb Code   138  stm32f10x_gpio.o(.text)
    GPIO_EXTILineConfig                      0x08001845   Thumb Code    66  stm32f10x_gpio.o(.text)
    GPIO_ETH_MediaInterfaceConfig            0x08001887   Thumb Code     8  stm32f10x_gpio.o(.text)
    RCC_DeInit                               0x080018b5   Thumb Code    64  stm32f10x_rcc.o(.text)
    RCC_HSEConfig                            0x080018f5   Thumb Code    70  stm32f10x_rcc.o(.text)
    RCC_GetFlagStatus                        0x0800193b   Thumb Code    56  stm32f10x_rcc.o(.text)
    RCC_WaitForHSEStartUp                    0x08001973   Thumb Code    56  stm32f10x_rcc.o(.text)
    RCC_AdjustHSICalibrationValue            0x080019ab   Thumb Code    20  stm32f10x_rcc.o(.text)
    RCC_HSICmd                               0x080019bf   Thumb Code     6  stm32f10x_rcc.o(.text)
    RCC_PLLConfig                            0x080019c5   Thumb Code    24  stm32f10x_rcc.o(.text)
    RCC_PLLCmd                               0x080019dd   Thumb Code     6  stm32f10x_rcc.o(.text)
    RCC_SYSCLKConfig                         0x080019e3   Thumb Code    18  stm32f10x_rcc.o(.text)
    RCC_GetSYSCLKSource                      0x080019f5   Thumb Code    10  stm32f10x_rcc.o(.text)
    RCC_HCLKConfig                           0x080019ff   Thumb Code    18  stm32f10x_rcc.o(.text)
    RCC_PCLK1Config                          0x08001a11   Thumb Code    18  stm32f10x_rcc.o(.text)
    RCC_PCLK2Config                          0x08001a23   Thumb Code    20  stm32f10x_rcc.o(.text)
    RCC_ITConfig                             0x08001a37   Thumb Code    26  stm32f10x_rcc.o(.text)
    RCC_USBCLKConfig                         0x08001a51   Thumb Code     8  stm32f10x_rcc.o(.text)
    RCC_ADCCLKConfig                         0x08001a59   Thumb Code    18  stm32f10x_rcc.o(.text)
    RCC_LSEConfig                            0x08001a6b   Thumb Code    50  stm32f10x_rcc.o(.text)
    RCC_LSICmd                               0x08001a9d   Thumb Code     6  stm32f10x_rcc.o(.text)
    RCC_RTCCLKConfig                         0x08001aa3   Thumb Code    12  stm32f10x_rcc.o(.text)
    RCC_RTCCLKCmd                            0x08001aaf   Thumb Code     8  stm32f10x_rcc.o(.text)
    RCC_GetClocksFreq                        0x08001ab7   Thumb Code   192  stm32f10x_rcc.o(.text)
    RCC_AHBPeriphClockCmd                    0x08001b77   Thumb Code    26  stm32f10x_rcc.o(.text)
    RCC_APB2PeriphClockCmd                   0x08001b91   Thumb Code    26  stm32f10x_rcc.o(.text)
    RCC_APB1PeriphClockCmd                   0x08001bab   Thumb Code    26  stm32f10x_rcc.o(.text)
    RCC_APB2PeriphResetCmd                   0x08001bc5   Thumb Code    26  stm32f10x_rcc.o(.text)
    RCC_APB1PeriphResetCmd                   0x08001bdf   Thumb Code    26  stm32f10x_rcc.o(.text)
    RCC_BackupResetCmd                       0x08001bf9   Thumb Code     8  stm32f10x_rcc.o(.text)
    RCC_ClockSecuritySystemCmd               0x08001c01   Thumb Code     6  stm32f10x_rcc.o(.text)
    RCC_MCOConfig                            0x08001c07   Thumb Code     6  stm32f10x_rcc.o(.text)
    RCC_ClearFlag                            0x08001c0d   Thumb Code    14  stm32f10x_rcc.o(.text)
    RCC_GetITStatus                          0x08001c1b   Thumb Code    20  stm32f10x_rcc.o(.text)
    RCC_ClearITPendingBit                    0x08001c2f   Thumb Code     6  stm32f10x_rcc.o(.text)
    EXTI_DeInit                              0x08001c59   Thumb Code    28  stm32f10x_exti.o(.text)
    EXTI_Init                                0x08001c75   Thumb Code   142  stm32f10x_exti.o(.text)
    EXTI_StructInit                          0x08001d03   Thumb Code    16  stm32f10x_exti.o(.text)
    EXTI_GenerateSWInterrupt                 0x08001d13   Thumb Code    16  stm32f10x_exti.o(.text)
    EXTI_GetFlagStatus                       0x08001d23   Thumb Code    22  stm32f10x_exti.o(.text)
    EXTI_ClearFlag                           0x08001d39   Thumb Code     8  stm32f10x_exti.o(.text)
    EXTI_GetITStatus                         0x08001d41   Thumb Code    34  stm32f10x_exti.o(.text)
    EXTI_ClearITPendingBit                   0x08001d63   Thumb Code     8  stm32f10x_exti.o(.text)
    TIM_DeInit                               0x08001d75   Thumb Code   424  stm32f10x_tim.o(.text)
    TIM_TimeBaseInit                         0x08001f1d   Thumb Code   122  stm32f10x_tim.o(.text)
    TIM_OC1Init                              0x08001f97   Thumb Code   132  stm32f10x_tim.o(.text)
    TIM_OC2Init                              0x0800201b   Thumb Code   154  stm32f10x_tim.o(.text)
    TIM_OC3Init                              0x080020b5   Thumb Code   150  stm32f10x_tim.o(.text)
    TIM_OC4Init                              0x0800214b   Thumb Code   182  stm32f10x_tim.o(.text)
    TIM_SetIC4Prescaler                      0x08002201   Thumb Code    26  stm32f10x_tim.o(.text)
    TIM_SetIC3Prescaler                      0x0800229d   Thumb Code    18  stm32f10x_tim.o(.text)
    TIM_SetIC2Prescaler                      0x08002329   Thumb Code    26  stm32f10x_tim.o(.text)
    TIM_SetIC1Prescaler                      0x080023c5   Thumb Code    18  stm32f10x_tim.o(.text)
    TIM_ICInit                               0x08002443   Thumb Code   150  stm32f10x_tim.o(.text)
    TIM_PWMIConfig                           0x080024d9   Thumb Code   124  stm32f10x_tim.o(.text)
    TIM_BDTRConfig                           0x08002555   Thumb Code    32  stm32f10x_tim.o(.text)
    TIM_TimeBaseStructInit                   0x08002575   Thumb Code    18  stm32f10x_tim.o(.text)
    TIM_OCStructInit                         0x08002587   Thumb Code    20  stm32f10x_tim.o(.text)
    TIM_ICStructInit                         0x0800259b   Thumb Code    18  stm32f10x_tim.o(.text)
    TIM_BDTRStructInit                       0x080025ad   Thumb Code    40  stm32f10x_tim.o(.text)
    TIM_Cmd                                  0x080025d5   Thumb Code    24  stm32f10x_tim.o(.text)
    TIM_CtrlPWMOutputs                       0x080025ed   Thumb Code    30  stm32f10x_tim.o(.text)
    TIM_ITConfig                             0x0800260b   Thumb Code    18  stm32f10x_tim.o(.text)
    TIM_GenerateEvent                        0x0800261d   Thumb Code     4  stm32f10x_tim.o(.text)
    TIM_DMAConfig                            0x08002621   Thumb Code    10  stm32f10x_tim.o(.text)
    TIM_DMACmd                               0x0800262b   Thumb Code    18  stm32f10x_tim.o(.text)
    TIM_InternalClockConfig                  0x0800263d   Thumb Code    12  stm32f10x_tim.o(.text)
    TIM_SelectInputTrigger                   0x08002649   Thumb Code    18  stm32f10x_tim.o(.text)
    TIM_ITRxExternalClockConfig              0x0800265b   Thumb Code    24  stm32f10x_tim.o(.text)
    TIM_TIxExternalClockConfig               0x08002673   Thumb Code    62  stm32f10x_tim.o(.text)
    TIM_ETRConfig                            0x080026b1   Thumb Code    28  stm32f10x_tim.o(.text)
    TIM_ETRClockMode1Config                  0x080026cd   Thumb Code    54  stm32f10x_tim.o(.text)
    TIM_ETRClockMode2Config                  0x08002703   Thumb Code    32  stm32f10x_tim.o(.text)
    TIM_PrescalerConfig                      0x08002723   Thumb Code     6  stm32f10x_tim.o(.text)
    TIM_CounterModeConfig                    0x08002729   Thumb Code    18  stm32f10x_tim.o(.text)
    TIM_EncoderInterfaceConfig               0x0800273b   Thumb Code    66  stm32f10x_tim.o(.text)
    TIM_ForcedOC1Config                      0x0800277d   Thumb Code    18  stm32f10x_tim.o(.text)
    TIM_ForcedOC2Config                      0x0800278f   Thumb Code    26  stm32f10x_tim.o(.text)
    TIM_ForcedOC3Config                      0x080027a9   Thumb Code    18  stm32f10x_tim.o(.text)
    TIM_ForcedOC4Config                      0x080027bb   Thumb Code    26  stm32f10x_tim.o(.text)
    TIM_ARRPreloadConfig                     0x080027d5   Thumb Code    24  stm32f10x_tim.o(.text)
    TIM_SelectCOM                            0x080027ed   Thumb Code    24  stm32f10x_tim.o(.text)
    TIM_SelectCCDMA                          0x08002805   Thumb Code    24  stm32f10x_tim.o(.text)
    TIM_CCPreloadControl                     0x0800281d   Thumb Code    24  stm32f10x_tim.o(.text)
    TIM_OC1PreloadConfig                     0x08002835   Thumb Code    18  stm32f10x_tim.o(.text)
    TIM_OC2PreloadConfig                     0x08002847   Thumb Code    26  stm32f10x_tim.o(.text)
    TIM_OC3PreloadConfig                     0x08002861   Thumb Code    18  stm32f10x_tim.o(.text)
    TIM_OC4PreloadConfig                     0x08002873   Thumb Code    26  stm32f10x_tim.o(.text)
    TIM_OC1FastConfig                        0x0800288d   Thumb Code    18  stm32f10x_tim.o(.text)
    TIM_OC2FastConfig                        0x0800289f   Thumb Code    26  stm32f10x_tim.o(.text)
    TIM_OC3FastConfig                        0x080028b9   Thumb Code    18  stm32f10x_tim.o(.text)
    TIM_OC4FastConfig                        0x080028cb   Thumb Code    26  stm32f10x_tim.o(.text)
    TIM_ClearOC1Ref                          0x080028e5   Thumb Code    18  stm32f10x_tim.o(.text)
    TIM_ClearOC2Ref                          0x080028f7   Thumb Code    24  stm32f10x_tim.o(.text)
    TIM_ClearOC3Ref                          0x0800290f   Thumb Code    18  stm32f10x_tim.o(.text)
    TIM_ClearOC4Ref                          0x08002921   Thumb Code    24  stm32f10x_tim.o(.text)
    TIM_OC1PolarityConfig                    0x08002939   Thumb Code    18  stm32f10x_tim.o(.text)
    TIM_OC1NPolarityConfig                   0x0800294b   Thumb Code    18  stm32f10x_tim.o(.text)
    TIM_OC2PolarityConfig                    0x0800295d   Thumb Code    26  stm32f10x_tim.o(.text)
    TIM_OC2NPolarityConfig                   0x08002977   Thumb Code    26  stm32f10x_tim.o(.text)
    TIM_OC3PolarityConfig                    0x08002991   Thumb Code    26  stm32f10x_tim.o(.text)
    TIM_OC3NPolarityConfig                   0x080029ab   Thumb Code    26  stm32f10x_tim.o(.text)
    TIM_OC4PolarityConfig                    0x080029c5   Thumb Code    26  stm32f10x_tim.o(.text)
    TIM_CCxCmd                               0x080029df   Thumb Code    30  stm32f10x_tim.o(.text)
    TIM_CCxNCmd                              0x080029fd   Thumb Code    30  stm32f10x_tim.o(.text)
    TIM_SelectOCxM                           0x08002a1b   Thumb Code    82  stm32f10x_tim.o(.text)
    TIM_UpdateDisableConfig                  0x08002a6d   Thumb Code    24  stm32f10x_tim.o(.text)
    TIM_UpdateRequestConfig                  0x08002a85   Thumb Code    24  stm32f10x_tim.o(.text)
    TIM_SelectHallSensor                     0x08002a9d   Thumb Code    24  stm32f10x_tim.o(.text)
    TIM_SelectOnePulseMode                   0x08002ab5   Thumb Code    18  stm32f10x_tim.o(.text)
    TIM_SelectOutputTrigger                  0x08002ac7   Thumb Code    18  stm32f10x_tim.o(.text)
    TIM_SelectSlaveMode                      0x08002ad9   Thumb Code    18  stm32f10x_tim.o(.text)
    TIM_SelectMasterSlaveMode                0x08002aeb   Thumb Code    18  stm32f10x_tim.o(.text)
    TIM_SetCounter                           0x08002afd   Thumb Code     4  stm32f10x_tim.o(.text)
    TIM_SetAutoreload                        0x08002b01   Thumb Code     4  stm32f10x_tim.o(.text)
    TIM_SetCompare1                          0x08002b05   Thumb Code     4  stm32f10x_tim.o(.text)
    TIM_SetCompare2                          0x08002b09   Thumb Code     4  stm32f10x_tim.o(.text)
    TIM_SetCompare3                          0x08002b0d   Thumb Code     4  stm32f10x_tim.o(.text)
    TIM_SetCompare4                          0x08002b11   Thumb Code     6  stm32f10x_tim.o(.text)
    TIM_SetClockDivision                     0x08002b17   Thumb Code    18  stm32f10x_tim.o(.text)
    TIM_GetCapture1                          0x08002b29   Thumb Code     6  stm32f10x_tim.o(.text)
    TIM_GetCapture2                          0x08002b2f   Thumb Code     6  stm32f10x_tim.o(.text)
    TIM_GetCapture3                          0x08002b35   Thumb Code     6  stm32f10x_tim.o(.text)
    TIM_GetCapture4                          0x08002b3b   Thumb Code     8  stm32f10x_tim.o(.text)
    TIM_GetCounter                           0x08002b43   Thumb Code     6  stm32f10x_tim.o(.text)
    TIM_GetPrescaler                         0x08002b49   Thumb Code     6  stm32f10x_tim.o(.text)
    TIM_GetFlagStatus                        0x08002b4f   Thumb Code    18  stm32f10x_tim.o(.text)
    TIM_ClearFlag                            0x08002b61   Thumb Code     6  stm32f10x_tim.o(.text)
    TIM_GetITStatus                          0x08002b67   Thumb Code    34  stm32f10x_tim.o(.text)
    TIM_ClearITPendingBit                    0x08002b89   Thumb Code     6  stm32f10x_tim.o(.text)
    IWDG_WriteAccessCmd                      0x08002b91   Thumb Code     6  stm32f10x_iwdg.o(.text)
    IWDG_SetPrescaler                        0x08002b97   Thumb Code     6  stm32f10x_iwdg.o(.text)
    IWDG_SetReload                           0x08002b9d   Thumb Code     6  stm32f10x_iwdg.o(.text)
    IWDG_ReloadCounter                       0x08002ba3   Thumb Code    10  stm32f10x_iwdg.o(.text)
    IWDG_Enable                              0x08002bad   Thumb Code    10  stm32f10x_iwdg.o(.text)
    IWDG_GetFlagStatus                       0x08002bb7   Thumb Code    20  stm32f10x_iwdg.o(.text)
    DMA_DeInit                               0x08002bd1   Thumb Code   324  stm32f10x_dma.o(.text)
    DMA_Init                                 0x08002d15   Thumb Code    60  stm32f10x_dma.o(.text)
    DMA_StructInit                           0x08002d51   Thumb Code    26  stm32f10x_dma.o(.text)
    DMA_Cmd                                  0x08002d6b   Thumb Code    24  stm32f10x_dma.o(.text)
    DMA_ITConfig                             0x08002d83   Thumb Code    18  stm32f10x_dma.o(.text)
    DMA_SetCurrDataCounter                   0x08002d95   Thumb Code     4  stm32f10x_dma.o(.text)
    DMA_GetCurrDataCounter                   0x08002d99   Thumb Code     8  stm32f10x_dma.o(.text)
    DMA_GetFlagStatus                        0x08002da1   Thumb Code    40  stm32f10x_dma.o(.text)
    DMA_ClearFlag                            0x08002dc9   Thumb Code    22  stm32f10x_dma.o(.text)
    DMA_GetITStatus                          0x08002ddf   Thumb Code    40  stm32f10x_dma.o(.text)
    DMA_ClearITPendingBit                    0x08002e07   Thumb Code    22  stm32f10x_dma.o(.text)
    Reset_Handler                            0x08002e25   Thumb Code     8  startup_stm32f10x_md.o(.text)
    ADC1_2_IRQHandler                        0x08002e3f   Thumb Code     0  startup_stm32f10x_md.o(.text)
    CAN1_RX1_IRQHandler                      0x08002e3f   Thumb Code     0  startup_stm32f10x_md.o(.text)
    CAN1_SCE_IRQHandler                      0x08002e3f   Thumb Code     0  startup_stm32f10x_md.o(.text)
    DMA1_Channel1_IRQHandler                 0x08002e3f   Thumb Code     0  startup_stm32f10x_md.o(.text)
    DMA1_Channel2_IRQHandler                 0x08002e3f   Thumb Code     0  startup_stm32f10x_md.o(.text)
    DMA1_Channel3_IRQHandler                 0x08002e3f   Thumb Code     0  startup_stm32f10x_md.o(.text)
    DMA1_Channel5_IRQHandler                 0x08002e3f   Thumb Code     0  startup_stm32f10x_md.o(.text)
    DMA1_Channel6_IRQHandler                 0x08002e3f   Thumb Code     0  startup_stm32f10x_md.o(.text)
    DMA1_Channel7_IRQHandler                 0x08002e3f   Thumb Code     0  startup_stm32f10x_md.o(.text)
    EXTI0_IRQHandler                         0x08002e3f   Thumb Code     0  startup_stm32f10x_md.o(.text)
    EXTI15_10_IRQHandler                     0x08002e3f   Thumb Code     0  startup_stm32f10x_md.o(.text)
    EXTI1_IRQHandler                         0x08002e3f   Thumb Code     0  startup_stm32f10x_md.o(.text)
    EXTI2_IRQHandler                         0x08002e3f   Thumb Code     0  startup_stm32f10x_md.o(.text)
    EXTI3_IRQHandler                         0x08002e3f   Thumb Code     0  startup_stm32f10x_md.o(.text)
    EXTI9_5_IRQHandler                       0x08002e3f   Thumb Code     0  startup_stm32f10x_md.o(.text)
    FLASH_IRQHandler                         0x08002e3f   Thumb Code     0  startup_stm32f10x_md.o(.text)
    I2C1_ER_IRQHandler                       0x08002e3f   Thumb Code     0  startup_stm32f10x_md.o(.text)
    I2C1_EV_IRQHandler                       0x08002e3f   Thumb Code     0  startup_stm32f10x_md.o(.text)
    I2C2_ER_IRQHandler                       0x08002e3f   Thumb Code     0  startup_stm32f10x_md.o(.text)
    I2C2_EV_IRQHandler                       0x08002e3f   Thumb Code     0  startup_stm32f10x_md.o(.text)
    PVD_IRQHandler                           0x08002e3f   Thumb Code     0  startup_stm32f10x_md.o(.text)
    RCC_IRQHandler                           0x08002e3f   Thumb Code     0  startup_stm32f10x_md.o(.text)
    RTCAlarm_IRQHandler                      0x08002e3f   Thumb Code     0  startup_stm32f10x_md.o(.text)
    RTC_IRQHandler                           0x08002e3f   Thumb Code     0  startup_stm32f10x_md.o(.text)
    SPI1_IRQHandler                          0x08002e3f   Thumb Code     0  startup_stm32f10x_md.o(.text)
    SPI2_IRQHandler                          0x08002e3f   Thumb Code     0  startup_stm32f10x_md.o(.text)
    TAMPER_IRQHandler                        0x08002e3f   Thumb Code     0  startup_stm32f10x_md.o(.text)
    TIM1_BRK_IRQHandler                      0x08002e3f   Thumb Code     0  startup_stm32f10x_md.o(.text)
    TIM1_CC_IRQHandler                       0x08002e3f   Thumb Code     0  startup_stm32f10x_md.o(.text)
    TIM1_TRG_COM_IRQHandler                  0x08002e3f   Thumb Code     0  startup_stm32f10x_md.o(.text)
    TIM1_UP_IRQHandler                       0x08002e3f   Thumb Code     0  startup_stm32f10x_md.o(.text)
    TIM3_IRQHandler                          0x08002e3f   Thumb Code     0  startup_stm32f10x_md.o(.text)
    TIM4_IRQHandler                          0x08002e3f   Thumb Code     0  startup_stm32f10x_md.o(.text)
    USART2_IRQHandler                        0x08002e3f   Thumb Code     0  startup_stm32f10x_md.o(.text)
    USART3_IRQHandler                        0x08002e3f   Thumb Code     0  startup_stm32f10x_md.o(.text)
    USBWakeUp_IRQHandler                     0x08002e3f   Thumb Code     0  startup_stm32f10x_md.o(.text)
    USB_HP_CAN1_TX_IRQHandler                0x08002e3f   Thumb Code     0  startup_stm32f10x_md.o(.text)
    USB_LP_CAN1_RX0_IRQHandler               0x08002e3f   Thumb Code     0  startup_stm32f10x_md.o(.text)
    WWDG_IRQHandler                          0x08002e3f   Thumb Code     0  startup_stm32f10x_md.o(.text)
    __aeabi_memcpy                           0x08002e49   Thumb Code    36  memcpya.o(.text)
    __aeabi_memcpy4                          0x08002e49   Thumb Code     0  memcpya.o(.text)
    __aeabi_memcpy8                          0x08002e49   Thumb Code     0  memcpya.o(.text)
    __aeabi_uldivmod                         0x08002e6d   Thumb Code    98  uldiv.o(.text)
    __scatterload                            0x08002ed1   Thumb Code    28  init.o(.text)
    __scatterload_rt2                        0x08002ed1   Thumb Code     0  init.o(.text)
    __aeabi_llsl                             0x08002ef5   Thumb Code    30  llshl.o(.text)
    _ll_shift_l                              0x08002ef5   Thumb Code     0  llshl.o(.text)
    __aeabi_llsr                             0x08002f13   Thumb Code    32  llushr.o(.text)
    _ll_ushift_r                             0x08002f13   Thumb Code     0  llushr.o(.text)
    __decompress                             0x08002f33   Thumb Code     0  __dczerorl2.o(.text)
    __decompress1                            0x08002f33   Thumb Code    86  __dczerorl2.o(.text)
    __0printf$8                              0x08002f89   Thumb Code    22  printf8.o(i.__0printf$8)
    __1printf$8                              0x08002f89   Thumb Code     0  printf8.o(i.__0printf$8)
    __2printf                                0x08002f89   Thumb Code     0  printf8.o(i.__0printf$8)
    __scatterload_copy                       0x08002fa9   Thumb Code    14  handlers.o(i.__scatterload_copy)
    __scatterload_null                       0x08002fb7   Thumb Code     2  handlers.o(i.__scatterload_null)
    __scatterload_zeroinit                   0x08002fb9   Thumb Code    14  handlers.o(i.__scatterload_zeroinit)
    offsetadd                                0x0800341e   Data           8  ch438_driver.o(.constdata)
    Interruptnum                             0x08003426   Data           8  ch438_driver.o(.constdata)
    Region$$Table$$Base                      0x08003430   Number         0  anon$$obj.o(Region$$Table)
    Region$$Table$$Limit                     0x08003450   Number         0  anon$$obj.o(Region$$Table)
    test                                     0x20000000   Data           9  main.o(.data)
    test1                                    0x20000009   Data           2  main.o(.data)
    times                                    0x2000000c   Data           4  main.o(.data)
    d                                        0x20000010   Data           4  main.o(.data)
    ERR_OCCUR                                0x20000014   Data           1  main.o(.data)
    Get_EXTI                                 0x20000015   Data           1  main.o(.data)
    int_status                               0x20000016   Data           1  main.o(.data)
    i1                                       0x20000017   Data           1  main.o(.data)
    test_time_begin                          0x20000018   Data           2  main.o(.data)
    test_time_end                            0x2000001a   Data           2  main.o(.data)
    test_time_delay                          0x2000001c   Data           2  main.o(.data)
    dma_end                                  0x2000001e   Data           1  main.o(.data)
    SystemCoreClock                          0x20000020   Data           4  system_stm32f10x.o(.data)
    AHBPrescTable                            0x20000024   Data          16  system_stm32f10x.o(.data)
    USART_RX_STA                             0x20000034   Data           2  debug.o(.data)
    Amp_first_time                           0x20000036   Data           1  debug.o(.data)
    Amp_data_len                             0x20000037   Data           1  debug.o(.data)
    n                                        0x20000038   Data           1  debug.o(.data)
    t                                        0x20000039   Data           1  debug.o(.data)
    i                                        0x2000003a   Data           1  debug.o(.data)
    len                                      0x2000003b   Data           1  debug.o(.data)
    frame_tail                               0x2000003c   Data           1  debug.o(.data)
    SelectCom                                0x2000003d   Data           1  debug.o(.data)
    datalen                                  0x2000003e   Data           1  debug.o(.data)
    time_delay                               0x20000040   Data           2  debug.o(.data)
    time_begin                               0x20000042   Data           2  debug.o(.data)
    time_stop                                0x20000044   Data           2  debug.o(.data)
    debug_send_middle                        0x20000046   Data          24  debug.o(.data)
    debug_send_long                          0x2000005e   Data          34  debug.o(.data)
    debug_send_short                         0x20000080   Data          12  debug.o(.data)
    debug_send_wrong_long                    0x2000008c   Data          34  debug.o(.data)
    debug_open1                              0x200000ae   Data          11  debug.o(.data)
    debug_open2                              0x200000b9   Data          24  debug.o(.data)
    debug_open3                              0x200000d1   Data          24  debug.o(.data)
    debug_open4                              0x200000e9   Data          11  debug.o(.data)
    debug_open5                              0x200000f4   Data          11  debug.o(.data)
    debug_open7                              0x200000ff   Data          11  debug.o(.data)
    len_middle                               0x2000010a   Data           1  debug.o(.data)
    len_long                                 0x2000010b   Data           1  debug.o(.data)
    len_short                                0x2000010c   Data           1  debug.o(.data)
    len_open                                 0x2000010d   Data           1  debug.o(.data)
    flag                                     0x2000010e   Data           1  debug.o(.data)
    Read_BackLight_I                         0x2000010f   Data           6  ch438_driver.o(.data)
    Read_Driving_I                           0x20000115   Data           6  ch438_driver.o(.data)
    Read_Temperature                         0x2000011b   Data           6  ch438_driver.o(.data)
    RevLen                                   0x20000121   Data           1  ch438_driver.o(.data)
    SendLen                                  0x20000122   Data           1  ch438_driver.o(.data)
    INT_Com                                  0x20000123   Data           1  ch438_driver.o(.data)
    TIM2_status                              0x20000124   Data           1  ch438_driver.o(.data)
    __stdout                                 0x2000013c   Data           4  stdout.o(.data)
    DMA_DATA_BUF                             0x20000140   Data         256  debug.o(.bss)
    USART_RX_BUF                             0x20000240   Data         128  debug.o(.bss)
    p_send                                   0x200002c0   Data         128  debug.o(.bss)
    CH438_Data                               0x20000340   Data         128  debug.o(.bss)
    Revbuff                                  0x200003c0   Data         128  ch438_driver.o(.bss)
    DataSendbuff                             0x20000440   Data         128  ch438_driver.o(.bss)
    __initial_sp                             0x200008c0   Data           0  startup_stm32f10x_md.o(STACK)



==============================================================================

Memory Map of the image

  Image Entry point : 0x080000ed

  Load Region LR_IROM1 (Base: 0x08000000, Size: 0x00003590, Max: 0x00010000, ABSOLUTE, COMPRESSED[0x0000350c])

    Execution Region ER_IROM1 (Exec base: 0x08000000, Load base: 0x08000000, Size: 0x00003450, Max: 0x00010000, ABSOLUTE)

    Exec Addr    Load Addr    Size         Type   Attr      Idx    E Section Name        Object

    0x08000000   0x08000000   0x000000ec   Data   RO          366    RESET               startup_stm32f10x_md.o
    0x080000ec   0x080000ec   0x00000000   Code   RO          371  * .ARM.Collect$$$$00000000  mc_w.l(entry.o)
    0x080000ec   0x080000ec   0x00000004   Code   RO          639    .ARM.Collect$$$$00000001  mc_w.l(entry2.o)
    0x080000f0   0x080000f0   0x00000004   Code   RO          642    .ARM.Collect$$$$00000004  mc_w.l(entry5.o)
    0x080000f4   0x080000f4   0x00000000   Code   RO          644    .ARM.Collect$$$$00000008  mc_w.l(entry7b.o)
    0x080000f4   0x080000f4   0x00000000   Code   RO          646    .ARM.Collect$$$$0000000A  mc_w.l(entry8b.o)
    0x080000f4   0x080000f4   0x00000008   Code   RO          647    .ARM.Collect$$$$0000000B  mc_w.l(entry9a.o)
    0x080000fc   0x080000fc   0x00000004   Code   RO          654    .ARM.Collect$$$$0000000E  mc_w.l(entry12b.o)
    0x08000100   0x08000100   0x00000000   Code   RO          649    .ARM.Collect$$$$0000000F  mc_w.l(entry10a.o)
    0x08000100   0x08000100   0x00000000   Code   RO          651    .ARM.Collect$$$$00000011  mc_w.l(entry11a.o)
    0x08000100   0x08000100   0x00000004   Code   RO          640    .ARM.Collect$$$$00002712  mc_w.l(entry2.o)
    0x08000104   0x08000104   0x000000fc   Code   RO            1    .text               main.o
    0x08000200   0x08000200   0x000001e0   Code   RO          130    .text               system_stm32f10x.o
    0x080003e0   0x080003e0   0x00000064   Code   RO          170    .text               stm32f10x_it.o
    0x08000444   0x08000444   0x00000450   Code   RO          202    .text               debug.o
    0x08000894   0x08000894   0x00000550   Code   RO          221    .text               ch438_driver.o
    0x08000de4   0x08000de4   0x00000290   Code   RO          243    .text               multi_add.o
    0x08001074   0x08001074   0x00000408   Code   RO          255    .text               stm32f10x_usart.o
    0x0800147c   0x0800147c   0x000000dc   Code   RO          267    .text               misc.o
    0x08001558   0x08001558   0x0000035c   Code   RO          279    .text               stm32f10x_gpio.o
    0x080018b4   0x080018b4   0x000003a4   Code   RO          291    .text               stm32f10x_rcc.o
    0x08001c58   0x08001c58   0x0000011c   Code   RO          305    .text               stm32f10x_exti.o
    0x08001d74   0x08001d74   0x00000e1a   Code   RO          317    .text               stm32f10x_tim.o
    0x08002b8e   0x08002b8e   0x00000002   PAD
    0x08002b90   0x08002b90   0x00000040   Code   RO          329    .text               stm32f10x_iwdg.o
    0x08002bd0   0x08002bd0   0x00000254   Code   RO          341    .text               stm32f10x_dma.o
    0x08002e24   0x08002e24   0x00000024   Code   RO          367    .text               startup_stm32f10x_md.o
    0x08002e48   0x08002e48   0x00000024   Code   RO          374    .text               mc_w.l(memcpya.o)
    0x08002e6c   0x08002e6c   0x00000062   Code   RO          658    .text               mc_w.l(uldiv.o)
    0x08002ece   0x08002ece   0x00000002   PAD
    0x08002ed0   0x08002ed0   0x00000024   Code   RO          671    .text               mc_w.l(init.o)
    0x08002ef4   0x08002ef4   0x0000001e   Code   RO          673    .text               mc_w.l(llshl.o)
    0x08002f12   0x08002f12   0x00000020   Code   RO          675    .text               mc_w.l(llushr.o)
    0x08002f32   0x08002f32   0x00000056   Code   RO          689    .text               mc_w.l(__dczerorl2.o)
    0x08002f88   0x08002f88   0x00000020   Code   RO          585    i.__0printf$8       mc_w.l(printf8.o)
    0x08002fa8   0x08002fa8   0x0000000e   Code   RO          683    i.__scatterload_copy  mc_w.l(handlers.o)
    0x08002fb6   0x08002fb6   0x00000002   Code   RO          684    i.__scatterload_null  mc_w.l(handlers.o)
    0x08002fb8   0x08002fb8   0x0000000e   Code   RO          685    i.__scatterload_zeroinit  mc_w.l(handlers.o)
    0x08002fc6   0x08002fc6   0x00000002   PAD
    0x08002fc8   0x08002fc8   0x00000404   Code   RO          592    i._printf_core      mc_w.l(printf8.o)
    0x080033cc   0x080033cc   0x00000024   Code   RO          593    i._printf_post_padding  mc_w.l(printf8.o)
    0x080033f0   0x080033f0   0x0000002e   Code   RO          594    i._printf_pre_padding  mc_w.l(printf8.o)
    0x0800341e   0x0800341e   0x00000010   Data   RO          223    .constdata          ch438_driver.o
    0x0800342e   0x0800342e   0x00000002   PAD
    0x08003430   0x08003430   0x00000020   Data   RO          681    Region$$Table       anon$$obj.o


    Execution Region RW_IRAM1 (Exec base: 0x20000000, Load base: 0x08003450, Size: 0x000008c0, Max: 0x00005000, ABSOLUTE, COMPRESSED[0x000000bc])

    Exec Addr    Load Addr    Size         Type   Attr      Idx    E Section Name        Object

    0x20000000   COMPRESSED   0x0000001f   Data   RW            2    .data               main.o
    0x2000001f   COMPRESSED   0x00000001   PAD
    0x20000020   COMPRESSED   0x00000014   Data   RW          131    .data               system_stm32f10x.o
    0x20000034   COMPRESSED   0x000000db   Data   RW          204    .data               debug.o
    0x2000010f   COMPRESSED   0x00000016   Data   RW          224    .data               ch438_driver.o
    0x20000125   COMPRESSED   0x00000014   Data   RW          292    .data               stm32f10x_rcc.o
    0x20000139   COMPRESSED   0x00000003   PAD
    0x2000013c   COMPRESSED   0x00000004   Data   RW          655    .data               mc_w.l(stdout.o)
    0x20000140        -       0x00000280   Zero   RW          203    .bss                debug.o
    0x200003c0        -       0x00000100   Zero   RW          222    .bss                ch438_driver.o
    0x200004c0        -       0x00000400   Zero   RW          364    STACK               startup_stm32f10x_md.o


==============================================================================

Image component sizes


      Code (inc. data)   RO Data    RW Data    ZI Data      Debug   Object Name

      1360        200         16         22        256       5944   ch438_driver.o
         0          0          0          0          0         32   core_cm3.o
      1104         92          0        219        640       4761   debug.o
       252         22          0         31          0     267158   main.o
       220         22          0          0          0       1981   misc.o
       656          6          0          0          0       2241   multi_add.o
        36          8        236          0       1024        924   startup_stm32f10x_md.o
       596          8          0          0          0       4550   stm32f10x_dma.o
       284         10          0          0          0       2443   stm32f10x_exti.o
       860         38          0          0          0       5913   stm32f10x_gpio.o
       100          8          0          0          0       1664   stm32f10x_it.o
        64          6          0          0          0       1361   stm32f10x_iwdg.o
       932         36          0         20          0       9156   stm32f10x_rcc.o
      3610         88          0          0          0      23028   stm32f10x_tim.o
      1032         22          0          0          0       8640   stm32f10x_usart.o
       480         38          0         20          0       2155   system_stm32f10x.o

    ----------------------------------------------------------------------
     11588        604        286        316       1920     341951   Object Totals
         0          0         32          0          0          0   (incl. Generated)
         2          0          2          4          0          0   (incl. Padding)

    ----------------------------------------------------------------------

      Code (inc. data)   RO Data    RW Data    ZI Data      Debug   Library Member Name

        86          0          0          0          0          0   __dczerorl2.o
         0          0          0          0          0          0   entry.o
         0          0          0          0          0          0   entry10a.o
         0          0          0          0          0          0   entry11a.o
         4          0          0          0          0          0   entry12b.o
         8          4          0          0          0          0   entry2.o
         4          0          0          0          0          0   entry5.o
         0          0          0          0          0          0   entry7b.o
         0          0          0          0          0          0   entry8b.o
         8          4          0          0          0          0   entry9a.o
        30          0          0          0          0          0   handlers.o
        36          8          0          0          0         68   init.o
        30          0          0          0          0         68   llshl.o
        32          0          0          0          0         68   llushr.o
        36          0          0          0          0         68   memcpya.o
      1142         54          0          0          0        352   printf8.o
         0          0          0          4          0          0   stdout.o
        98          0          0          0          0         92   uldiv.o

    ----------------------------------------------------------------------
      1518         70          0          4          0        716   Library Totals
         4          0          0          0          0          0   (incl. Padding)

    ----------------------------------------------------------------------

      Code (inc. data)   RO Data    RW Data    ZI Data      Debug   Library Name

      1514         70          0          4          0        716   mc_w.l

    ----------------------------------------------------------------------
      1518         70          0          4          0        716   Library Totals

    ----------------------------------------------------------------------

==============================================================================


      Code (inc. data)   RO Data    RW Data    ZI Data      Debug   

     13106        674        286        320       1920     341235   Grand Totals
     13106        674        286        188       1920     341235   ELF Image Totals (compressed)
     13106        674        286        188          0          0   ROM Totals

==============================================================================

    Total RO  Size (Code + RO Data)                13392 (  13.08kB)
    Total RW  Size (RW Data + ZI Data)              2240 (   2.19kB)
    Total ROM Size (Code + RO Data + RW Data)      13580 (  13.26kB)

==============================================================================

